[debug] [2026-07-09T22:06:02.920Z] ----------------------------------------------------------------------
[debug] [2026-07-09T22:06:02.928Z] Command:       C:\Program Files\nodejs\node.exe C:\Users\jpasm\AppData\Roaming\npm\node_modules\firebase-tools\lib\bin\firebase.js deploy --only firestore:rules
[debug] [2026-07-09T22:06:02.929Z] CLI Version:   15.22.4
[debug] [2026-07-09T22:06:02.929Z] Platform:      win32
[debug] [2026-07-09T22:06:02.929Z] Node Version:  v24.14.0
[debug] [2026-07-09T22:06:02.930Z] Detected Agent: unknown
[debug] [2026-07-09T22:06:02.930Z] Time:          Thu Jul 09 2026 19:06:02 GMT-0300 (hora estándar de Argentina)
[debug] [2026-07-09T22:06:02.930Z] ----------------------------------------------------------------------
[debug] 
[debug] [2026-07-09T22:06:09.651Z] > command requires scopes: ["email","openid","https://www.googleapis.com/auth/cloudplatformprojects.readonly","https://www.googleapis.com/auth/firebase","https://www.googleapis.com/auth/cloud-platform"]
[debug] [2026-07-09T22:06:09.652Z] > authorizing via signed-in user (celularjpp@gmail.com)
[debug] [2026-07-09T22:06:09.652Z] [iam] checking project afiliaciones-sia for permissions ["datastore.indexes.create","datastore.indexes.delete","datastore.indexes.list","datastore.indexes.update","firebase.projects.get"]
[debug] [2026-07-09T22:06:09.662Z] Checked if tokens are valid: true, expires at: 1783636458539
[debug] [2026-07-09T22:06:09.663Z] Checked if tokens are valid: true, expires at: 1783636458539
[debug] [2026-07-09T22:06:09.665Z] >>> [apiv2][query] POST https://cloudresourcemanager.googleapis.com/v1/projects/afiliaciones-sia:testIamPermissions [none]
[debug] [2026-07-09T22:06:09.666Z] >>> [apiv2][(partial)header] POST https://cloudresourcemanager.googleapis.com/v1/projects/afiliaciones-sia:testIamPermissions  x-goog-user-project=afiliaciones-sia
[debug] [2026-07-09T22:06:09.666Z] >>> [apiv2][body] POST https://cloudresourcemanager.googleapis.com/v1/projects/afiliaciones-sia:testIamPermissions {"permissions":["datastore.indexes.create","datastore.indexes.delete","datastore.indexes.list","datastore.indexes.update","firebase.projects.get"]}
[debug] [2026-07-09T22:06:10.736Z] <<< [apiv2][status] POST https://cloudresourcemanager.googleapis.com/v1/projects/afiliaciones-sia:testIamPermissions 200
[debug] [2026-07-09T22:06:10.737Z] <<< [apiv2][body] POST https://cloudresourcemanager.googleapis.com/v1/projects/afiliaciones-sia:testIamPermissions {"permissions":["datastore.indexes.create","datastore.indexes.delete","datastore.indexes.list","datastore.indexes.update","firebase.projects.get"]}
[info] 
[info] === Deploying to 'afiliaciones-sia'...
[info] 
[info] i  deploying firestore 
[info] i  firestore: ensuring required API firestore.googleapis.com is enabled... 
[info] i  firestore: ensuring required API firestore.googleapis.com is enabled... 
[debug] [2026-07-09T22:06:10.798Z] Checked if tokens are valid: true, expires at: 1783636458539
[debug] [2026-07-09T22:06:10.799Z] Checked if tokens are valid: true, expires at: 1783636458539
[debug] [2026-07-09T22:06:10.799Z] >>> [apiv2][query] GET https://firestore.googleapis.com/v1/projects/afiliaciones-sia/databases/(default) [none]
